// Jest Snapshot v1, https://goo.gl/fbAQLP

exports[`With Snapshot Testing Index renders 1`] = `
<div
  className="jsx-3632601274"
>
  <main
    className="jsx-3632601274"
  >
    <header>
      <h1
        style={
          Object {
            "display": "flex",
            "flexDirection": "column",
            "flexWrap": "nowrap",
            "fontFamily": "monospace",
            "margin": "20px",
            "whiteSpace": "preLine",
          }
        }
      >
        fred wright 1990
      </h1>
      <h2
        style={
          Object {
            "display": "flex",
            "flexDirection": "column",
            "flexWrap": "nowrap",
            "fontFamily": "monospace",
            "margin": "20px",
            "whiteSpace": "preLine",
          }
        }
      >
        full stack lead developer
      </h2>
      <p
        style={
          Object {
            "display": "flex",
            "flexDirection": "column",
            "flexWrap": "nowrap",
            "fontFamily": "monospace",
            "margin": "20px",
            "whiteSpace": "preLine",
          }
        }
      >
        Interested in optimising the output of all team members. 

      A lightweight agile methodology, close communication with Product and freedom to explore technologies are essential. 

      Passion for working alongside all areas of the business; from sales, marketing and operations, to product, design and development. 

      Its also fun to travel, meet and work with new people from different cultures.
      </p>
    </header>
    <main>
      <div
        style={
          Object {
            "display": "flex",
            "flexDirection": "row",
            "flexWrap": "wrap",
          }
        }
      >
        <card
          className="jsx-741316870"
        >
          <h2
            style={
              Object {
                "display": "flex",
                "flexDirection": "column",
                "flexWrap": "nowrap",
                "fontFamily": "monospace",
                "margin": "20px",
                "whiteSpace": "preLine",
              }
            }
          >
            Education 2008-2011
          </h2>
          <div
            style={
              Object {
                "display": "flex",
                "flexDirection": "column",
                "flexWrap": "nowrap",
              }
            }
          >
            <article
              style={
                Object {
                  "display": "flex",
                  "flexDirection": "column",
                  "flexWrap": "nowrap",
                  "margin": "10px 0 0",
                }
              }
            >
              <h3
                style={
                  Object {
                    "display": "flex",
                    "flexDirection": "column",
                    "flexWrap": "nowrap",
                    "fontFamily": "monospace",
                    "margin": "20px",
                    "whiteSpace": "preLine",
                  }
                }
              >
                Bristol University, 2:1 BSc Mathematics and Philosophy
              </h3>
            </article>
          </div>
          <button
            className="jsx-741316870"
            onClick={[Function]}
          >
            ...
          </button>
        </card>
        <card
          className="jsx-3691914583"
        >
          <h2
            style={
              Object {
                "display": "flex",
                "flexDirection": "column",
                "flexWrap": "nowrap",
                "fontFamily": "monospace",
                "margin": "20px",
                "whiteSpace": "preLine",
              }
            }
          >
            SAAB AB 2011-2011
          </h2>
          <div
            style={
              Object {
                "display": "flex",
                "flexDirection": "column",
                "flexWrap": "nowrap",
              }
            }
          >
            <article
              style={
                Object {
                  "display": "flex",
                  "flexDirection": "column",
                  "flexWrap": "nowrap",
                  "margin": "10px 0 0",
                }
              }
            >
              <h3
                style={
                  Object {
                    "display": "flex",
                    "flexDirection": "column",
                    "flexWrap": "nowrap",
                    "fontFamily": "monospace",
                    "margin": "20px",
                    "whiteSpace": "preLine",
                  }
                }
              >
                Capability Development Analyst
              </h3>
            </article>
          </div>
          <button
            className="jsx-3691914583"
            onClick={[Function]}
          >
            ...
          </button>
        </card>
        <card
          className="jsx-3406788454"
        >
          <h2
            style={
              Object {
                "display": "flex",
                "flexDirection": "column",
                "flexWrap": "nowrap",
                "fontFamily": "monospace",
                "margin": "20px",
                "whiteSpace": "preLine",
              }
            }
          >
            Alfa^ 2012-2015
          </h2>
          <div
            style={
              Object {
                "display": "flex",
                "flexDirection": "column",
                "flexWrap": "nowrap",
              }
            }
          >
            <article
              style={
                Object {
                  "display": "flex",
                  "flexDirection": "column",
                  "flexWrap": "nowrap",
                  "margin": "10px 0 0",
                }
              }
            >
              <h3
                style={
                  Object {
                    "display": "flex",
                    "flexDirection": "column",
                    "flexWrap": "nowrap",
                    "fontFamily": "monospace",
                    "margin": "20px",
                    "whiteSpace": "preLine",
                  }
                }
              >
                Lead developer (on-site)
              </h3>
            </article>
            <article
              style={
                Object {
                  "display": "flex",
                  "flexDirection": "column",
                  "flexWrap": "nowrap",
                  "margin": "10px 0 0",
                }
              }
            >
              <h3
                style={
                  Object {
                    "display": "flex",
                    "flexDirection": "column",
                    "flexWrap": "nowrap",
                    "fontFamily": "monospace",
                    "margin": "20px",
                    "whiteSpace": "preLine",
                  }
                }
              >
                Support contact and DBA (on-site)
              </h3>
              ## Support contact and DBA (on-site)

- Organisation and collaboration with the client to perform simultaneous releases in the UK, Scandinavia and India

- Enhancement of the DBA process and tooling

- Management and execution of support requests
              <div
                style={
                  Object {
                    "display": "flex",
                    "flexDirection": "row",
                    "flexWrap": "wrap",
                  }
                }
              >
                <a
                  className="jsx-3359914563"
                  href="http://en.wikipedia.org/wiki/IBM_System_i"
                  target="blank"
                >
                  IBM iSeries
                </a>
              </div>
            </article>
          </div>
          <button
            className="jsx-3406788454"
            onClick={[Function]}
          >
            ...
          </button>
        </card>
      </div>
    </main>
    <footer>
      <p
        style={
          Object {
            "display": "flex",
            "flexDirection": "column",
            "flexWrap": "nowrap",
            "fontFamily": "monospace",
            "margin": "20px",
            "whiteSpace": "preLine",
          }
        }
      >
        
      - some
      - footer
      
      </p>
    </footer>
  </main>
</div>
`;
